exports[`test renders correctly 1`] = `
<View
  style={
    Object {
      "backgroundColor": "#F1F5FF",
      "flex": 1,
      "marginTop": 64,
    }
  }>
  <ScrollView
    style={
      Object {
        "flex": 1,
        "paddingTop": 10,
      }
    }>
    <View
      style={
        Object {
          "alignItems": "center",
        }
      }>
      <Image
        source={1}
        style={
          Object {
            "borderRadius": 63,
            "height": 126,
            "width": 126,
          }
        } />
    </View>
    <Text
      accessible={true}
      allowFontScaling={true}
      ellipsizeMode="tail"
      style={
        Object {
          "color": "#2C457F",
          "fontSize": 24,
          "fontWeight": "bold",
          "marginVertical": 5,
          "textAlign": "left",
        }
      }>
      First Name
    </Text>
    <Text
      accessible={true}
      allowFontScaling={true}
      ellipsizeMode="tail"
      style={
        Object {
          "color": "#2C457F",
          "fontSize": 18,
          "marginVertical": 5,
          "textAlign": "left",
        }
      }>
              Lob
    </Text>
    <Text
      accessible={true}
      allowFontScaling={true}
      ellipsizeMode="tail"
      style={
        Object {
          "color": "#2C457F",
          "fontSize": 24,
          "fontWeight": "bold",
          "marginVertical": 5,
          "textAlign": "left",
        }
      }>
      Last Name
    </Text>
    <Text
      accessible={true}
      allowFontScaling={true}
      ellipsizeMode="tail"
      style={
        Object {
          "color": "#2C457F",
          "fontSize": 18,
          "marginVertical": 5,
          "textAlign": "left",
        }
      }>
              Riddle
    </Text>
    <Text
      accessible={true}
      allowFontScaling={true}
      ellipsizeMode="tail"
      style={
        Object {
          "color": "#2C457F",
          "fontSize": 24,
          "fontWeight": "bold",
          "marginVertical": 5,
          "textAlign": "left",
        }
      }>
      Email
    </Text>
    <Text
      accessible={true}
      allowFontScaling={true}
      ellipsizeMode="tail"
      style={
        Object {
          "color": "#2C457F",
          "fontSize": 18,
          "marginVertical": 5,
          "textAlign": "left",
        }
      }>
              LobRiddle@Gmail.com
    </Text>
    <Text
      accessible={true}
      allowFontScaling={true}
      ellipsizeMode="tail"
      style={
        Object {
          "color": "#2C457F",
          "fontSize": 24,
          "fontWeight": "bold",
          "marginVertical": 5,
          "textAlign": "left",
        }
      }>
      Address
    </Text>
    <Text
      accessible={true}
      allowFontScaling={true}
      ellipsizeMode="tail"
      style={
        Object {
          "color": "#2C457F",
          "fontSize": 18,
          "marginVertical": 5,
          "textAlign": "left",
        }
      }>
              45-375 Lottle Dr
    </Text>
    <Text
      accessible={true}
      allowFontScaling={true}
      ellipsizeMode="tail"
      style={
        Object {
          "color": "#2C457F",
          "fontSize": 24,
          "fontWeight": "bold",
          "marginVertical": 5,
          "textAlign": "left",
        }
      }>
      Cat Owner?
    </Text>
    <Text
      accessible={true}
      allowFontScaling={true}
      ellipsizeMode="tail"
      style={
        Object {
          "color": "#2C457F",
          "fontSize": 18,
          "marginVertical": 5,
          "textAlign": "left",
        }
      }>
              Yes
    </Text>
    <View
      accessibilityComponentType={undefined}
      accessibilityLabel={undefined}
      accessibilityTraits={undefined}
      accessible={true}
      hitSlop={undefined}
      onLayout={undefined}
      onResponderGrant={[Function]}
      onResponderMove={[Function]}
      onResponderRelease={[Function]}
      onResponderTerminate={[Function]}
      onResponderTerminationRequest={[Function]}
      onStartShouldSetResponder={[Function]}
      style={
        Object {
          "backgroundColor": "#466ECC",
          "borderRadius": 5,
          "height": 45,
          "justifyContent": "center",
          "marginHorizontal": 25,
          "marginVertical": 10,
          "opacity": 1,
        }
      }
      testID={undefined}>
      <Text
        accessible={true}
        allowFontScaling={true}
        ellipsizeMode="tail"
        style={
          Object {
            "color": "white",
            "fontSize": 14,
            "fontWeight": "bold",
            "marginVertical": 10,
            "textAlign": "center",
          }
        }>
        VIEW CATS
      </Text>
    </View>
    <View
      accessibilityComponentType={undefined}
      accessibilityLabel={undefined}
      accessibilityTraits={undefined}
      accessible={true}
      hitSlop={undefined}
      onLayout={undefined}
      onResponderGrant={[Function]}
      onResponderMove={[Function]}
      onResponderRelease={[Function]}
      onResponderTerminate={[Function]}
      onResponderTerminationRequest={[Function]}
      onStartShouldSetResponder={[Function]}
      style={
        Object {
          "backgroundColor": "#466ECC",
          "borderRadius": 5,
          "height": 45,
          "justifyContent": "center",
          "marginHorizontal": 25,
          "marginVertical": 10,
          "opacity": 1,
        }
      }
      testID={undefined}>
      <Text
        accessible={true}
        allowFontScaling={true}
        ellipsizeMode="tail"
        style={
          Object {
            "color": "white",
            "fontSize": 14,
            "fontWeight": "bold",
            "marginVertical": 10,
            "textAlign": "center",
          }
        }>
        VIEW CAT GROUPS
      </Text>
    </View>
    <View
      accessibilityComponentType={undefined}
      accessibilityLabel={undefined}
      accessibilityTraits={undefined}
      accessible={true}
      hitSlop={undefined}
      onLayout={undefined}
      onResponderGrant={[Function]}
      onResponderMove={[Function]}
      onResponderRelease={[Function]}
      onResponderTerminate={[Function]}
      onResponderTerminationRequest={[Function]}
      onStartShouldSetResponder={[Function]}
      style={
        Object {
          "backgroundColor": "#466ECC",
          "borderRadius": 5,
          "height": 45,
          "justifyContent": "center",
          "marginHorizontal": 25,
          "marginVertical": 10,
          "opacity": 1,
        }
      }
      testID={undefined}>
      <Text
        accessible={true}
        allowFontScaling={true}
        ellipsizeMode="tail"
        style={
          Object {
            "color": "white",
            "fontSize": 14,
            "fontWeight": "bold",
            "marginVertical": 10,
            "textAlign": "center",
          }
        }>
        EDIT
      </Text>
    </View>
  </ScrollView>
</View>
`;
