exports[`test renders correctly 1`] = `
<View
  style={
    Object {
      "backgroundColor": "rgba(0,0,0,0)",
      "flex": 1,
      "marginTop": 64,
    }
  }>
  <Image
    resizeMode="stretch"
    source={1}
    style={
      Object {
        "bottom": 0,
        "left": 0,
        "position": "absolute",
        "right": 0,
        "top": 0,
      }
    } />
  <ScrollView
    style={
      Object {
        "flex": 1,
        "paddingTop": 10,
      }
    }>
    <View
      style={undefined}>
      <View
        style={undefined}>
        <View
          style={
            Object {
              "alignItems": "center",
            }
          }>
          <Image
            source={1}
            style={
              Object {
                "borderRadius": 63,
                "height": 126,
                "width": 126,
              }
            } />
        </View>
        <Text
          accessible={true}
          allowFontScaling={true}
          ellipsizeMode="tail"
          style={
            Object {
              "color": "white",
              "fontSize": 24,
              "fontWeight": "bold",
              "marginVertical": 5,
              "textAlign": "left",
            }
          }>
          Name
        </Text>
        <Text
          accessible={true}
          allowFontScaling={true}
          ellipsizeMode="tail"
          style={
            Object {
              "color": "white",
              "fontSize": 18,
              "marginVertical": 5,
              "textAlign": "left",
            }
          }>
          Fluffy
        </Text>
        <Text
          accessible={true}
          allowFontScaling={true}
          ellipsizeMode="tail"
          style={
            Object {
              "color": "white",
              "fontSize": 24,
              "fontWeight": "bold",
              "marginVertical": 5,
              "textAlign": "left",
            }
          }>
          Breed
        </Text>
        <Text
          accessible={true}
          allowFontScaling={true}
          ellipsizeMode="tail"
          style={
            Object {
              "color": "white",
              "fontSize": 18,
              "marginVertical": 5,
              "textAlign": "left",
            }
          }>
          Maine Coon
        </Text>
        <Text
          accessible={true}
          allowFontScaling={true}
          ellipsizeMode="tail"
          style={
            Object {
              "color": "white",
              "fontSize": 24,
              "fontWeight": "bold",
              "marginVertical": 5,
              "textAlign": "left",
            }
          }>
          Gender
        </Text>
        <Text
          accessible={true}
          allowFontScaling={true}
          ellipsizeMode="tail"
          style={
            Object {
              "color": "white",
              "fontSize": 18,
              "marginVertical": 5,
              "textAlign": "left",
            }
          }>
          Male
        </Text>
        <Text
          accessible={true}
          allowFontScaling={true}
          ellipsizeMode="tail"
          style={
            Object {
              "color": "white",
              "fontSize": 24,
              "fontWeight": "bold",
              "marginVertical": 5,
              "textAlign": "left",
            }
          }>
          Weight
        </Text>
        <Text
          accessible={true}
          allowFontScaling={true}
          ellipsizeMode="tail"
          style={
            Object {
              "color": "white",
              "fontSize": 18,
              "marginVertical": 5,
              "textAlign": "left",
            }
          }>
          15 lbs
        </Text>
        <Text
          accessible={true}
          allowFontScaling={true}
          ellipsizeMode="tail"
          style={
            Object {
              "color": "white",
              "fontSize": 24,
              "fontWeight": "bold",
              "marginVertical": 5,
              "textAlign": "left",
            }
          }>
          Height
        </Text>
        <Text
          accessible={true}
          allowFontScaling={true}
          ellipsizeMode="tail"
          style={
            Object {
              "color": "white",
              "fontSize": 18,
              "marginVertical": 5,
              "textAlign": "left",
            }
          }>
          20 cm
        </Text>
        <Text
          accessible={true}
          allowFontScaling={true}
          ellipsizeMode="tail"
          style={
            Object {
              "color": "white",
              "fontSize": 24,
              "fontWeight": "bold",
              "marginVertical": 5,
              "textAlign": "left",
            }
          }>
          Length
        </Text>
        <Text
          accessible={true}
          allowFontScaling={true}
          ellipsizeMode="tail"
          style={
            Object {
              "color": "white",
              "fontSize": 18,
              "marginVertical": 5,
              "textAlign": "left",
            }
          }>
          50 cm
        </Text>
      </View>
    </View>
    <View
      accessibilityComponentType={undefined}
      accessibilityLabel={undefined}
      accessibilityTraits={undefined}
      accessible={true}
      hitSlop={undefined}
      onLayout={undefined}
      onResponderGrant={[Function]}
      onResponderMove={[Function]}
      onResponderRelease={[Function]}
      onResponderTerminate={[Function]}
      onResponderTerminationRequest={[Function]}
      onStartShouldSetResponder={[Function]}
      style={
        Object {
          "backgroundColor": "#e73536",
          "borderRadius": 5,
          "height": 45,
          "justifyContent": "center",
          "marginHorizontal": 25,
          "marginVertical": 10,
          "opacity": 1,
        }
      }
      testID={undefined}>
      <Text
        accessible={true}
        allowFontScaling={true}
        ellipsizeMode="tail"
        style={
          Object {
            "color": "white",
            "fontSize": 14,
            "fontWeight": "bold",
            "marginVertical": 10,
            "textAlign": "center",
          }
        }>
        VIEW OWNER
      </Text>
    </View>
  </ScrollView>
</View>
`;
